Testing mode failed - This is not a valid azul game!
