=== Round 1 ===

Factories:
0: Y 
1: 
2: 
3: 
4: 
5: 

Score for Test Player 1: 0
Mosaic for Test Player 1:
1:         L || . . . . .
2:       B B || . . . . .
3:     . L L || . . . . .
4:   . . Y Y || . . . . .
5: . . B B B || . . . . .
6: broken |

Score for Test Player 2: 0
Mosaic for Test Player 2:
1:         U || . . . . .
2:       R R || . . . . .
3:     B B B || . . . . .
4:   . . R R || . . . . .
5: . . . . . || . . . . .
6: broken | F U

