=== Round 1 ===

Factories:
0: Y Y B 
1: B R L U 
2: 
3: B R Y U 
4: 
5: 

Score for Test Player 1: 0
Mosaic for Test Player 1:
1:         . || . . . . .
2:       B B || . . . . .
3:     . L L || . . . . .
4:   . . . . || . . . . .
5: . . . . . || . . . . .
6: broken |

Score for Test Player 2: 0
Mosaic for Test Player 2:
1:         . || . . . . .
2:       R R || . . . . .
3:     B B B || . . . . .
4:   . . . . || . . . . .
5: . . . . . || . . . . .
6: broken | F

