BRLURBBBBRYUYBLLBBRYRBLYLUURBUUYBYRRRUBUYUBBBRUUYBRULRYUBURRYUYYRUBLYUUYLLRLYRRLYYYLLYLLLLLBULBURLRY
P1
P2
turn 3 Y 1
turn 4 L 2
turn 5 B 2
turn 2 B 3
turn 0 Y 3
turn 1 B 1
turn 0 R 4
turn 0 U 4
turn 0 B 5
turn 0 L 5
