=== Round 4 ===

Factories:
0: U R Y L 
1: 
2: R U B L 
3: 
4: 
5: 

Score for Test Player 1: 11
Mosaic for Test Player 1:
1:         R || B Y . U .
2:       U U || . B . R .
3:     Y Y Y || U L B . .
4:   . . . L || . . . B .
5: . . . . . || . R . . .
6: broken | R

Score for Test Player 2: 17
Mosaic for Test Player 2:
1:         . || . . R U L
2:       . . || . B . R U
3:     L L L || U . B . R
4:   . . . . || . . . . Y
5: Y Y Y Y Y || . . . . .
6: broken | F Y

