=== Round 5 ===

Factories:
0: B 
1: 
2: 
3: 
4: 
5: 

Score for Test Player 1: 22
Mosaic for Test Player 1:
1:         B || . Y R U L
2:       Y Y || L B . R U
3:     . . . || U L . Y .
4:   L L L L || . . . . Y
5: . . . R R || . . . . B
6: broken | F U U

Score for Test Player 2: 6
Mosaic for Test Player 2:
1:         . || . . R U .
2:       L L || . B . R U
3:     Y Y Y || U L B . .
4:   . L L L || R . . . Y
5: . R R R R || . . . . B
6: broken | L

