BRLURBBBBRYUYBLLBBRYRBLYLUURBUUYBYRRRUBUYUBBBRUUYBRULRYUBURRYUYYRUBLYUUYLLRLYRRLYYYLLYLLLLLBULBURLRY
Player1
player4040404
turn 5 B 2
turn 4 L 6
turn 0 R 1
turn 2 B 6
turn 0 Y 3
turn 3 B 6
turn 0 B 4
turn 1 B 6
turn 0 Y 3
turn 0 R 6